// Jest Snapshot v1, https://goo.gl/fbAQLP

exports[`should be an instance of a Reservations componenet 1`] = `
<div
  className="res-container"
/>
`;
